   Γû▓ Next.js 15.5.0
   - Environments: .env

   Creating an optimized production build ...
 Γ¿» Failed to find font override values for font `Parkinsans`
 Γ¿» Failed to find font override values for font `Parkinsans`
 Γ£ô Compiled successfully in 33.0s
   Linting and checking validity of types ...

Failed to compile.

./app/sign-in/page.tsx
37:18  Warning: 'err' is defined but never used.  @typescript-eslint/no-unused-vars

./app/[locale]/akademik/fakultas/page.tsx
1:10  Warning: 'Card' is defined but never used.  @typescript-eslint/no-unused-vars
13:3  Warning: 'ChevronRight' is defined but never used.  @typescript-eslint/no-unused-vars
14:3  Warning: 'Zap' is defined but never used.  @typescript-eslint/no-unused-vars
15:3  Warning: 'Shield' is defined but never used.  @typescript-eslint/no-unused-vars
16:3  Warning: 'TrendingUp' is defined but never used.  @typescript-eslint/no-unused-vars
17:3  Warning: 'Globe' is defined but never used.  @typescript-eslint/no-unused-vars
18:3  Warning: 'Lightbulb' is defined but never used.  @typescript-eslint/no-unused-vars
24:46  Warning: 'params' is defined but never used.  @typescript-eslint/no-unused-vars
153:31  Warning: Using `<img>` could result in slower LCP and higher bandwidth. Consider using `<Image />` from `next/image` or a custom image loader to automatically optimize images. This may incur additional usage or cost from your provider. See: https://nextjs.org/docs/messages/no-img-element  @next/next/no-img-element

./app/[locale]/akademik/fasilitas-kampus/page.tsx
1:10  Warning: 'Card' is defined but never used.  @typescript-eslint/no-unused-vars
13:3  Warning: 'GraduationCap' is defined but never used.  @typescript-eslint/no-unused-vars
17:3  Warning: 'Zap' is defined but never used.  @typescript-eslint/no-unused-vars
19:3  Warning: 'TrendingUp' is defined but never used.  @typescript-eslint/no-unused-vars
20:3  Warning: 'Globe' is defined but never used.  @typescript-eslint/no-unused-vars
21:3  Warning: 'Lightbulb' is defined but never used.  @typescript-eslint/no-unused-vars
27:53  Warning: 'params' is defined but never used.  @typescript-eslint/no-unused-vars
197:25  Warning: Using `<img>` could result in slower LCP and higher bandwidth. Consider using `<Image />` from `next/image` or a custom image loader to automatically optimize images. This may incur additional usage or cost from your provider. See: https://nextjs.org/docs/messages/no-img-element  @next/next/no-img-element

./app/[locale]/akademik/kalender-akademik/page.tsx
1:10  Warning: 'Card' is defined but never used.  @typescript-eslint/no-unused-vars
8:3  Warning: 'Users' is defined but never used.  @typescript-eslint/no-unused-vars
9:3  Warning: 'FileText' is defined but never used.  @typescript-eslint/no-unused-vars
13:3  Warning: 'Zap' is defined but never used.  @typescript-eslint/no-unused-vars
14:3  Warning: 'Shield' is defined but never used.  @typescript-eslint/no-unused-vars
15:3  Warning: 'TrendingUp' is defined but never used.  @typescript-eslint/no-unused-vars
16:3  Warning: 'Globe' is defined but never used.  @typescript-eslint/no-unused-vars
17:3  Warning: 'Lightbulb' is defined but never used.  @typescript-eslint/no-unused-vars
23:54  Warning: 'params' is defined but never used.  @typescript-eslint/no-unused-vars
204:52  Warning: 'eventIndex' is defined but never used.  @typescript-eslint/no-unused-vars

./app/[locale]/akademik/program-studi/page.tsx
1:10  Warning: 'Card' is defined but never used.  @typescript-eslint/no-unused-vars
7:3  Warning: 'Building2' is defined but never used.  @typescript-eslint/no-unused-vars
8:3  Warning: 'Target' is defined but never used.  @typescript-eslint/no-unused-vars
12:3  Warning: 'Star' is defined but never used.  @typescript-eslint/no-unused-vars
13:3  Warning: 'Zap' is defined but never used.  @typescript-eslint/no-unused-vars
14:3  Warning: 'Shield' is defined but never used.  @typescript-eslint/no-unused-vars
15:3  Warning: 'TrendingUp' is defined but never used.  @typescript-eslint/no-unused-vars
16:3  Warning: 'Globe' is defined but never used.  @typescript-eslint/no-unused-vars
17:3  Warning: 'Lightbulb' is defined but never used.  @typescript-eslint/no-unused-vars
23:50  Warning: 'params' is defined but never used.  @typescript-eslint/no-unused-vars
26:9  Warning: 'faculties' is assigned a value but never used.  @typescript-eslint/no-unused-vars

./app/[locale]/berita-media/berita/page.tsx
1:10  Warning: 'Card' is defined but never used.  @typescript-eslint/no-unused-vars
4:3  Warning: 'Newspaper' is defined but never used.  @typescript-eslint/no-unused-vars
5:3  Warning: 'Bell' is defined but never used.  @typescript-eslint/no-unused-vars
6:3  Warning: 'Calendar' is defined but never used.  @typescript-eslint/no-unused-vars
7:3  Warning: 'GalleryVertical' is defined but never used.  @typescript-eslint/no-unused-vars
11:3  Warning: 'Share2' is defined but never used.  @typescript-eslint/no-unused-vars
13:3  Warning: 'Tag' is defined but never used.  @typescript-eslint/no-unused-vars
15:3  Warning: 'Zap' is defined but never used.  @typescript-eslint/no-unused-vars
16:3  Warning: 'Shield' is defined but never used.  @typescript-eslint/no-unused-vars
17:3  Warning: 'TrendingUp' is defined but never used.  @typescript-eslint/no-unused-vars
18:3  Warning: 'Globe' is defined but never used.  @typescript-eslint/no-unused-vars
19:3  Warning: 'Lightbulb' is defined but never used.  @typescript-eslint/no-unused-vars
25:44  Warning: 'params' is defined but never used.  @typescript-eslint/no-unused-vars
85:23  Warning: Using `<img>` could result in slower LCP and higher bandwidth. Consider using `<Image />` from `next/image` or a custom image loader to automatically optimize images. This may incur additional usage or cost from your provider. See: https://nextjs.org/docs/messages/no-img-element  @next/next/no-img-element
148:21  Warning: Using `<img>` could result in slower LCP and higher bandwidth. Consider using `<Image />` from `next/image` or a custom image loader to automatically optimize images. This may incur additional usage or cost from your provider. See: https://nextjs.org/docs/messages/no-img-element  @next/next/no-img-element
223:49  Warning: 'index' is defined but never used.  @typescript-eslint/no-unused-vars
225:21  Warning: Using `<img>` could result in slower LCP and higher bandwidth. Consider using `<Image />` from `next/image` or a custom image loader to automatically optimize images. This may incur additional usage or cost from your provider. See: https://nextjs.org/docs/messages/no-img-element  @next/next/no-img-element

./app/[locale]/berita-media/events/page.tsx
1:10  Warning: 'Card' is defined but never used.  @typescript-eslint/no-unused-vars
6:3  Warning: 'Users' is defined but never used.  @typescript-eslint/no-unused-vars
11:3  Warning: 'Download' is defined but never used.  @typescript-eslint/no-unused-vars
13:3  Warning: 'Zap' is defined but never used.  @typescript-eslint/no-unused-vars
14:3  Warning: 'Shield' is defined but never used.  @typescript-eslint/no-unused-vars
15:3  Warning: 'TrendingUp' is defined but never used.  @typescript-eslint/no-unused-vars
16:3  Warning: 'Globe' is defined but never used.  @typescript-eslint/no-unused-vars
17:3  Warning: 'Lightbulb' is defined but never used.  @typescript-eslint/no-unused-vars
23:44  Warning: 'params' is defined but never used.  @typescript-eslint/no-unused-vars

./app/[locale]/berita-media/galeri/page.tsx
3:10  Warning: 'Card' is defined but never used.  @typescript-eslint/no-unused-vars
6:3  Warning: 'Image' is defined but never used.  @typescript-eslint/no-unused-vars
9:3  Warning: 'Calendar' is defined but never used.  @typescript-eslint/no-unused-vars
11:3  Warning: 'Heart' is defined but never used.  @typescript-eslint/no-unused-vars
12:3  Warning: 'Eye' is defined but never used.  @typescript-eslint/no-unused-vars
14:3  Warning: 'Folder' is defined but never used.  @typescript-eslint/no-unused-vars
16:3  Warning: 'Award' is defined but never used.  @typescript-eslint/no-unused-vars
20:3  Warning: 'Zap' is defined but never used.  @typescript-eslint/no-unused-vars
21:3  Warning: 'Shield' is defined but never used.  @typescript-eslint/no-unused-vars
22:3  Warning: 'TrendingUp' is defined but never used.  @typescript-eslint/no-unused-vars
23:3  Warning: 'Globe' is defined but never used.  @typescript-eslint/no-unused-vars
24:3  Warning: 'Lightbulb' is defined but never used.  @typescript-eslint/no-unused-vars
235:21  Warning: Using `<img>` could result in slower LCP and higher bandwidth. Consider using `<Image />` from `next/image` or a custom image loader to automatically optimize images. This may incur additional usage or cost from your provider. See: https://nextjs.org/docs/messages/no-img-element  @next/next/no-img-element
304:21  Warning: Using `<img>` could result in slower LCP and higher bandwidth. Consider using `<Image />` from `next/image` or a custom image loader to automatically optimize images. This may incur additional usage or cost from your provider. See: https://nextjs.org/docs/messages/no-img-element  @next/next/no-img-element

./app/[locale]/berita-media/pengumuman/page.tsx
1:10  Warning: 'Card' is defined but never used.  @typescript-eslint/no-unused-vars
8:3  Warning: 'FileText' is defined but never used.  @typescript-eslint/no-unused-vars
9:3  Warning: 'Download' is defined but never used.  @typescript-eslint/no-unused-vars
11:3  Warning: 'Filter' is defined but never used.  @typescript-eslint/no-unused-vars
16:3  Warning: 'Zap' is defined but never used.  @typescript-eslint/no-unused-vars
17:3  Warning: 'Shield' is defined but never used.  @typescript-eslint/no-unused-vars
18:3  Warning: 'TrendingUp' is defined but never used.  @typescript-eslint/no-unused-vars
19:3  Warning: 'Globe' is defined but never used.  @typescript-eslint/no-unused-vars
20:3  Warning: 'Lightbulb' is defined but never used.  @typescript-eslint/no-unused-vars
26:48  Warning: 'params' is defined but never used.  @typescript-eslint/no-unused-vars
297:121  Warning: 'index' is defined but never used.  @typescript-eslint/no-unused-vars

./app/[locale]/dashboard/page.tsx
15:10  Warning: 'useTranslations' is defined but never used.  @typescript-eslint/no-unused-vars
16:10  Warning: 'getCurrentUser' is defined but never used.  @typescript-eslint/no-unused-vars
16:26  Warning: 'isAdmin' is defined but never used.  @typescript-eslint/no-unused-vars
16:35  Warning: 'ROLES' is defined but never used.  @typescript-eslint/no-unused-vars

./app/[locale]/kemahasiswaan/layanan-mahasiswa/page.tsx
3:10  Warning: 'Card' is defined but never used.  @typescript-eslint/no-unused-vars
7:3  Warning: 'Users' is defined but never used.  @typescript-eslint/no-unused-vars
22:3  Warning: 'Zap' is defined but never used.  @typescript-eslint/no-unused-vars
23:3  Warning: 'Shield' is defined but never used.  @typescript-eslint/no-unused-vars
24:3  Warning: 'TrendingUp' is defined but never used.  @typescript-eslint/no-unused-vars
25:3  Warning: 'Globe' is defined but never used.  @typescript-eslint/no-unused-vars
26:3  Warning: 'Lightbulb' is defined but never used.  @typescript-eslint/no-unused-vars
137:9  Warning: 'layananKarir' is assigned a value but never used.  @typescript-eslint/no-unused-vars

./app/[locale]/kemahasiswaan/prestasi-mahasiswa/page.tsx
3:10  Warning: 'Card' is defined but never used.  @typescript-eslint/no-unused-vars
8:3  Warning: 'Trophy' is defined but never used.  @typescript-eslint/no-unused-vars
13:3  Warning: 'Calendar' is defined but never used.  @typescript-eslint/no-unused-vars
19:3  Warning: 'Zap' is defined but never used.  @typescript-eslint/no-unused-vars
20:3  Warning: 'Shield' is defined but never used.  @typescript-eslint/no-unused-vars
21:3  Warning: 'TrendingUp' is defined but never used.  @typescript-eslint/no-unused-vars
22:3  Warning: 'Lightbulb' is defined but never used.  @typescript-eslint/no-unused-vars

./app/[locale]/kemahasiswaan/ukm-organisasi/page.tsx
3:10  Warning: 'Card' is defined but never used.  @typescript-eslint/no-unused-vars

./app/[locale]/kerjasama/partnership/page.tsx
3:10  Warning: 'Card' is defined but never used.  @typescript-eslint/no-unused-vars
7:3  Warning: 'Globe' is defined but never used.  @typescript-eslint/no-unused-vars
17:3  Warning: 'Calendar' is defined but never used.  @typescript-eslint/no-unused-vars
18:3  Warning: 'Heart' is defined but never used.  @typescript-eslint/no-unused-vars
20:3  Warning: 'Zap' is defined but never used.  @typescript-eslint/no-unused-vars
21:3  Warning: 'Shield' is defined but never used.  @typescript-eslint/no-unused-vars
22:3  Warning: 'TrendingUp' is defined but never used.  @typescript-eslint/no-unused-vars
23:3  Warning: 'Lightbulb' is defined but never used.  @typescript-eslint/no-unused-vars
230:25  Warning: Using `<img>` could result in slower LCP and higher bandwidth. Consider using `<Image />` from `next/image` or a custom image loader to automatically optimize images. This may incur additional usage or cost from your provider. See: https://nextjs.org/docs/messages/no-img-element  @next/next/no-img-element

./app/[locale]/layout.tsx
4:10  Warning: 'BackToTop' is defined but never used.  @typescript-eslint/no-unused-vars

./app/[locale]/page.tsx
12:3  Warning: 'Building2' is defined but never used.  @typescript-eslint/no-unused-vars
14:3  Warning: 'Eye' is defined but never used.  @typescript-eslint/no-unused-vars
15:3  Warning: 'Globe' is defined but never used.  @typescript-eslint/no-unused-vars
16:3  Warning: 'Zap' is defined but never used.  @typescript-eslint/no-unused-vars
17:3  Warning: 'Shield' is defined but never used.  @typescript-eslint/no-unused-vars
18:3  Warning: 'TrendingUp' is defined but never used.  @typescript-eslint/no-unused-vars
19:3  Warning: 'BookOpen' is defined but never used.  @typescript-eslint/no-unused-vars
25:38  Warning: 'params' is defined but never used.  @typescript-eslint/no-unused-vars
26:13  Error: React Hook "useTranslations" cannot be called in an async function.  react-hooks/rules-of-hooks
168:15  Warning: Using `<img>` could result in slower LCP and higher bandwidth. Consider using `<Image />` from `next/image` or a custom image loader to automatically optimize images. This may incur additional usage or cost from your provider. See: https://nextjs.org/docs/messages/no-img-element  @next/next/no-img-element
326:23  Warning: Using `<img>` could result in slower LCP and higher bandwidth. Consider using `<Image />` from `next/image` or a custom image loader to automatically optimize images. This may incur additional usage or cost from your provider. See: https://nextjs.org/docs/messages/no-img-element  @next/next/no-img-element

./app/[locale]/penerimaan/beasiswa/page.tsx
1:10  Warning: 'Card' is defined but never used.  @typescript-eslint/no-unused-vars
11:3  Warning: 'BookOpen' is defined but never used.  @typescript-eslint/no-unused-vars
13:3  Warning: 'Zap' is defined but never used.  @typescript-eslint/no-unused-vars
14:3  Warning: 'Shield' is defined but never used.  @typescript-eslint/no-unused-vars
15:3  Warning: 'TrendingUp' is defined but never used.  @typescript-eslint/no-unused-vars
17:3  Warning: 'Lightbulb' is defined but never used.  @typescript-eslint/no-unused-vars
23:46  Warning: 'params' is defined but never used.  @typescript-eslint/no-unused-vars

./app/[locale]/penerimaan/biaya-pendidikan/page.tsx
1:10  Warning: 'Card' is defined but never used.  @typescript-eslint/no-unused-vars
5:3  Warning: 'DollarSign' is defined but never used.  @typescript-eslint/no-unused-vars
7:3  Warning: 'CheckCircle' is defined but never used.  @typescript-eslint/no-unused-vars
10:3  Warning: 'BookOpen' is defined but never used.  @typescript-eslint/no-unused-vars
13:3  Warning: 'Zap' is defined but never used.  @typescript-eslint/no-unused-vars
15:3  Warning: 'TrendingUp' is defined but never used.  @typescript-eslint/no-unused-vars
16:3  Warning: 'Globe' is defined but never used.  @typescript-eslint/no-unused-vars
17:3  Warning: 'Lightbulb' is defined but never used.  @typescript-eslint/no-unused-vars
23:53  Warning: 'params' is defined but never used.  @typescript-eslint/no-unused-vars

./app/[locale]/penerimaan/kelas/page.tsx
1:10  Warning: 'Card' is defined but never used.  @typescript-eslint/no-unused-vars
11:3  Warning: 'Award' is defined but never used.  @typescript-eslint/no-unused-vars
13:3  Warning: 'Zap' is defined but never used.  @typescript-eslint/no-unused-vars
14:3  Warning: 'Shield' is defined but never used.  @typescript-eslint/no-unused-vars
15:3  Warning: 'TrendingUp' is defined but never used.  @typescript-eslint/no-unused-vars
16:3  Warning: 'Globe' is defined but never used.  @typescript-eslint/no-unused-vars
17:3  Warning: 'Lightbulb' is defined but never used.  @typescript-eslint/no-unused-vars
23:43  Warning: 'params' is defined but never used.  @typescript-eslint/no-unused-vars

./app/[locale]/penerimaan/pendaftaran-pmb/page.tsx
1:10  Warning: 'Card' is defined but never used.  @typescript-eslint/no-unused-vars
5:3  Warning: 'Calendar' is defined but never used.  @typescript-eslint/no-unused-vars
10:3  Warning: 'Mail' is defined but never used.  @typescript-eslint/no-unused-vars
11:3  Warning: 'Award' is defined but never used.  @typescript-eslint/no-unused-vars
13:3  Warning: 'GraduationCap' is defined but never used.  @typescript-eslint/no-unused-vars
14:3  Warning: 'Zap' is defined but never used.  @typescript-eslint/no-unused-vars
15:3  Warning: 'Shield' is defined but never used.  @typescript-eslint/no-unused-vars
16:3  Warning: 'TrendingUp' is defined but never used.  @typescript-eslint/no-unused-vars
17:3  Warning: 'Globe' is defined but never used.  @typescript-eslint/no-unused-vars
18:3  Warning: 'Lightbulb' is defined but never used.  @typescript-eslint/no-unused-vars
24:52  Warning: 'params' is defined but never used.  @typescript-eslint/no-unused-vars

./app/[locale]/profil/akreditasi/page.tsx
3:10  Warning: 'Card' is defined but never used.  @typescript-eslint/no-unused-vars
10:3  Warning: 'GraduationCap' is defined but never used.  @typescript-eslint/no-unused-vars
12:3  Warning: 'Building' is defined but never used.  @typescript-eslint/no-unused-vars
14:3  Warning: 'Zap' is defined but never used.  @typescript-eslint/no-unused-vars
15:3  Warning: 'Shield' is defined but never used.  @typescript-eslint/no-unused-vars
16:3  Warning: 'TrendingUp' is defined but never used.  @typescript-eslint/no-unused-vars
17:3  Warning: 'Globe' is defined but never used.  @typescript-eslint/no-unused-vars
18:3  Warning: 'Lightbulb' is defined but never used.  @typescript-eslint/no-unused-vars

./app/[locale]/profil/kontak/page.tsx
3:10  Warning: 'Card' is defined but never used.  @typescript-eslint/no-unused-vars
18:3  Warning: 'Zap' is defined but never used.  @typescript-eslint/no-unused-vars
19:3  Warning: 'Shield' is defined but never used.  @typescript-eslint/no-unused-vars
20:3  Warning: 'TrendingUp' is defined but never used.  @typescript-eslint/no-unused-vars
21:3  Warning: 'Lightbulb' is defined but never used.  @typescript-eslint/no-unused-vars

./app/[locale]/profil/profil/page.tsx
4:10  Warning: 'Card' is defined but never used.  @typescript-eslint/no-unused-vars
5:10  Warning: 'Button' is defined but never used.  @typescript-eslint/no-unused-vars
13:3  Warning: 'Globe' is defined but never used.  @typescript-eslint/no-unused-vars
22:9  Warning: 't' is assigned a value but never used.  @typescript-eslint/no-unused-vars
25:9  Warning: 'universityLogoSrc' is assigned a value but never used.  @typescript-eslint/no-unused-vars

./app/[locale]/profil/struktur-organisasi/page.tsx
1:10  Warning: 'Card' is defined but never used.  @typescript-eslint/no-unused-vars
2:10  Warning: 'Button' is defined but never used.  @typescript-eslint/no-unused-vars
5:3  Warning: 'GraduationCap' is defined but never used.  @typescript-eslint/no-unused-vars
6:3  Warning: 'BookOpen' is defined but never used.  @typescript-eslint/no-unused-vars
7:3  Warning: 'Award' is defined but never used.  @typescript-eslint/no-unused-vars
8:3  Warning: 'Building2' is defined but never used.  @typescript-eslint/no-unused-vars
9:3  Warning: 'ChevronRight' is defined but never used.  @typescript-eslint/no-unused-vars
10:3  Warning: 'Zap' is defined but never used.  @typescript-eslint/no-unused-vars
11:3  Warning: 'Shield' is defined but never used.  @typescript-eslint/no-unused-vars
12:3  Warning: 'TrendingUp' is defined but never used.  @typescript-eslint/no-unused-vars
13:3  Warning: 'Globe' is defined but never used.  @typescript-eslint/no-unused-vars
14:3  Warning: 'Lightbulb' is defined but never used.  @typescript-eslint/no-unused-vars
17:68  Warning: 'getOrganizationalEmployeesByStructure' is defined but never used.  @typescript-eslint/no-unused-vars
19:62  Warning: 'params' is defined but never used.  @typescript-eslint/no-unused-vars
98:21  Warning: Using `<img>` could result in slower LCP and higher bandwidth. Consider using `<Image />` from `next/image` or a custom image loader to automatically optimize images. This may incur additional usage or cost from your provider. See: https://nextjs.org/docs/messages/no-img-element  @next/next/no-img-element
136:27  Warning: Using `<img>` could result in slower LCP and higher bandwidth. Consider using `<Image />` from `next/image` or a custom image loader to automatically optimize images. This may incur additional usage or cost from your provider. See: https://nextjs.org/docs/messages/no-img-element  @next/next/no-img-element

./components/site-header.tsx
1:10  Warning: 'Button' is defined but never used.  @typescript-eslint/no-unused-vars

./lib/db.ts
2:19  Warning: 'or' is defined but never used.  @typescript-eslint/no-unused-vars
2:34  Warning: 'sql' is defined but never used.  @typescript-eslint/no-unused-vars
10:3  Warning: 'galleryAlbums' is defined but never used.  @typescript-eslint/no-unused-vars
11:3  Warning: 'galleryMedia' is defined but never used.  @typescript-eslint/no-unused-vars
22:3  Warning: 'studentAchievements' is defined but never used.  @typescript-eslint/no-unused-vars
32:3  Warning: 'studyProgramAccreditations' is defined but never used.  @typescript-eslint/no-unused-vars

info  - Need to disable some ESLint rules? Learn more here: https://nextjs.org/docs/app/api-reference/config/eslint#disabling-rules
